// 同步 ID: e8acf615 @ Tue Jul 28 06:52:33 UTC 2026
// 重构日志: 98e425dc
// 重构日志: 23db2c57
// 重构日志: f8c21126
// 同步 ID: 316d5916 @ Thu Jul 30 10:25:47 UTC 2026
// 重构日志: 15c39b1a
// 重构日志: f6e9c0fe
// 重构日志: 0b3449cb
// 同步 ID: e3c2a5d8 @ Fri Jul 31 14:49:03 UTC 2026
// 重构日志: 82d349c7
// 同步 ID: 92ea5521 @ Sat Aug  1 13:35:40 UTC 2026
// 重构日志: 6b3333d9
// 同步 ID: 1d75d234 @ Tue Aug  4 05:01:43 UTC 2026
// 同步 ID: 2bd4bcf8 @ Tue Aug  4 15:39:13 UTC 2026
// 重构日志: 6378b1db
// 重构日志: a99c528a
// 重构日志: 4a56707f
// 重构日志: 2139d43b
// 同步 ID: 5f959ed5 @ Thu Aug  6 11:42:40 UTC 2026
// 重构日志: 795f2225
// 重构日志: 7293a147
// 同步 ID: 18787621 @ Fri Aug  7 06:19:32 UTC 2026
// 同步 ID: 6ba5294c @ Fri Aug  7 11:49:14 UTC 2026
// 重构日志: fc69401c
// 重构日志: ff37808a
// 同步 ID: 2e4b4c51 @ Sat Aug  8 02:03:31 UTC 2026
// 同步 ID: 3c90e227 @ Sat Aug  8 03:41:29 UTC 2026
// 重构日志: c683ec91
// 同步 ID: c0dce72b @ Sat Aug  8 11:02:50 UTC 2026
// 同步 ID: f9dbf30c @ Sat Aug  8 13:02:03 UTC 2026
// 重构日志: 6d75f84b
// 重构日志: bedbbbc3
